[html.tonatheme.com/2021/Governlia/index.html]
[backblue.gif]
[fade.gif]
[index.html]
[html.tonatheme.com/2021/Governlia/assets/css/bootstrap.css]
[html.tonatheme.com/2021/Governlia/assets/css/responsive.css]
[html.tonatheme.com/2021/Governlia/assets/css/style.css]
[html.tonatheme.com/2021/Governlia/assets/css/color.css]
[html.tonatheme.com/2021/Governlia/assets/images/favicon.png]
[html.tonatheme.com/2021/Governlia/assets/images/logo.png]
[html.tonatheme.com/2021/Governlia/assets/images/icons/icon-bar-2.png]
[html.tonatheme.com/2021/Governlia/index-2.html]
[html.tonatheme.com/2021/Governlia/about.html]
[html.tonatheme.com/2021/Governlia/departments-one.html]
[html.tonatheme.com/2021/Governlia/departments-two.html]
[html.tonatheme.com/2021/Governlia/business-taxation.html]
[html.tonatheme.com/2021/Governlia/law-justice.html]
[html.tonatheme.com/2021/Governlia/government-election.html]
[html.tonatheme.com/2021/Governlia/pets-area.html]
[html.tonatheme.com/2021/Governlia/employment-jo.html]
[html.tonatheme.com/2021/Governlia/real-estate-building.html]
[html.tonatheme.com/2021/Governlia/sideways.html]
[html.tonatheme.com/2021/Governlia/event.html]
[html.tonatheme.com/2021/Governlia/blog.html]
[html.tonatheme.com/2021/Governlia/blog-2.html]
[html.tonatheme.com/2021/Governlia/blog-details.html]
[html.tonatheme.com/2021/Governlia/contact.html]
[html.tonatheme.com/2021/Governlia/assets/images/main-slider/image-1.jpg]
[html.tonatheme.com/2021/Governlia/assets/images/main-slider/image-2.jpg]
[html.tonatheme.com/2021/Governlia/assets/images/main-slider/image-3.jpg]
[html.tonatheme.com/2021/Governlia/assets/images/resource/image-1.jpg]
[html.tonatheme.com/2021/Governlia/assets/images/resource/image-2.jpg]
[html.tonatheme.com/2021/Governlia/assets/images/resource/image-3.jpg]
[html.tonatheme.com/2021/Governlia/assets/images/background/bg-1.jpg]
[html.tonatheme.com/2021/Governlia/assets/images/background/bg-2.jpg]
[html.tonatheme.com/2021/Governlia/assets/images/resource/image-4.jpg]
[html.tonatheme.com/2021/Governlia/assets/images/resource/sign.png]
[html.tonatheme.com/2021/Governlia/assets/images/resource/image-5.jpg]
[html.tonatheme.com/2021/Governlia/assets/images/resource/image-6.jpg]
[html.tonatheme.com/2021/Governlia/assets/images/resource/image-7.jpg]
[html.tonatheme.com/2021/Governlia/assets/images/resource/image-8.jpg]
[html.tonatheme.com/2021/Governlia/assets/images/resource/image-9.jpg]
[html.tonatheme.com/2021/Governlia/assets/images/resource/image-10.jpg]
[html.tonatheme.com/2021/Governlia/assets/images/resource/image-11.jpg]
[html.tonatheme.com/2021/Governlia/assets/images/resource/image-12.jpg]
[html.tonatheme.com/2021/Governlia/assets/images/resource/image-13.jpg]
[html.tonatheme.com/2021/Governlia/assets/images/resource/image-14.jpg]
[html.tonatheme.com/2021/Governlia/assets/images/resource/image-15.jpg]
[html.tonatheme.com/2021/Governlia/assets/images/background/bg-3.jpg]
[html.tonatheme.com/2021/Governlia/assets/images/resource/author-1.jpg]
[html.tonatheme.com/2021/Governlia/assets/images/resource/author-2.jpg]
[html.tonatheme.com/2021/Governlia/assets/images/resource/author-3.jpg]
[html.tonatheme.com/2021/Governlia/assets/images/background/bg-4.jpg]
[html.tonatheme.com/2021/Governlia/assets/images/resource/news-1.jpg]
[html.tonatheme.com/2021/Governlia/assets/images/resource/news-2.jpg]
[html.tonatheme.com/2021/Governlia/assets/images/resource/news-3.jpg]
[html.tonatheme.com/2021/Governlia/assets/images/resource/news-4.jpg]
[html.tonatheme.com/2021/Governlia/assets/images/resource/client-logo-1.png]
[html.tonatheme.com/2021/Governlia/assets/images/resource/client-logo-2.png]
[html.tonatheme.com/2021/Governlia/assets/images/resource/client-logo-3.png]
[html.tonatheme.com/2021/Governlia/assets/images/resource/client-logo-4.png]
[html.tonatheme.com/2021/Governlia/assets/images/resource/client-logo-5.png]
[html.tonatheme.com/2021/Governlia/assets/images/logo-2.png]
[html.tonatheme.com/2021/Governlia/assets/images/icons/icon-1.png]
[html.tonatheme.com/2021/Governlia/assets/images/icons/icon-2.png]
[html.tonatheme.com/2021/Governlia/assets/images/icons/icon-3.png]
[html.tonatheme.com/2021/Governlia/assets/js/jquery.js]
[html.tonatheme.com/2021/Governlia/assets/js/popper.min.js]
[html.tonatheme.com/2021/Governlia/assets/js/bootstrap.min.js]
[html.tonatheme.com/2021/Governlia/assets/js/bootstrap-select.min.js]
[html.tonatheme.com/2021/Governlia/assets/js/jquery.fancybox.js]
[html.tonatheme.com/2021/Governlia/assets/js/isotope.js]
[html.tonatheme.com/2021/Governlia/assets/js/owl.js]
[html.tonatheme.com/2021/Governlia/assets/js/appear.js]
[html.tonatheme.com/2021/Governlia/assets/js/wow.js]
[html.tonatheme.com/2021/Governlia/assets/js/lazyload.js]
[html.tonatheme.com/2021/Governlia/assets/js/scrollbar.js]
[html.tonatheme.com/2021/Governlia/assets/js/TweenMax.min.js]
[html.tonatheme.com/2021/Governlia/assets/js/swiper.min.js]
[html.tonatheme.com/2021/Governlia/assets/js/jquery.polyglot.language.switcher.js]
[html.tonatheme.com/2021/Governlia/assets/js/jquery.ajaxchimp.min.js]
[html.tonatheme.com/2021/Governlia/assets/js/parallax-scroll.js]
[html.tonatheme.com/2021/Governlia/assets/js/script.js]
[html.tonatheme.com/2021/Governlia/index.html]
[html.tonatheme.com/2021/Governlia/assets/css/bootstrap.css]
[html.tonatheme.com/2021/Governlia/assets/css/fontawesome-all.css]
[html.tonatheme.com/2021/Governlia/assets/css/animate.css]
[html.tonatheme.com/2021/Governlia/assets/css/custom-animate.css]
[html.tonatheme.com/2021/Governlia/assets/css/icomoon.css]
[html.tonatheme.com/2021/Governlia/assets/css/pe-icon-7-stroke.css]
[html.tonatheme.com/2021/Governlia/assets/css/stroke-gap.css]
[html.tonatheme.com/2021/Governlia/assets/css/owl.css]
[html.tonatheme.com/2021/Governlia/assets/css/jquery-ui.css]
[html.tonatheme.com/2021/Governlia/assets/css/jquery.fancybox.min.css]
[html.tonatheme.com/2021/Governlia/assets/css/scrollbar.css]
[html.tonatheme.com/2021/Governlia/assets/css/hover.css]
[html.tonatheme.com/2021/Governlia/assets/css/jquery.touchspin.css]
[html.tonatheme.com/2021/Governlia/assets/css/botstrap-select.min.css]
[html.tonatheme.com/2021/Governlia/assets/css/swiper.min.css]
[html.tonatheme.com/2021/Governlia/assets/css/rtl.css]
[html.tonatheme.com/2021/Governlia/assets/css/polyglot-language-switcher.css]
[html.tonatheme.com/2021/Governlia/assets/images/icons/preloader.svg]
[html.tonatheme.com/2021/Governlia/assets/images/shape/shape-1.png]
[html.tonatheme.com/2021/Governlia/assets/images/shape/shape-3.png]
[html.tonatheme.com/2021/Governlia/assets/images/shape/shape-4.png]
[html.tonatheme.com/2021/Governlia/assets/images/shape/shape-2.png]
[html.tonatheme.com/2021/Governlia/assets/images/shape/shape-6.png]
[html.tonatheme.com/2021/Governlia/assets/images/shape/shape-7.png]
[html.tonatheme.com/2021/Governlia/assets/css/style.css]
[html.tonatheme.com/2021/Governlia/assets/css/responsive.css]
[html.tonatheme.com/2021/Governlia/assets/css/color.css]
[html.tonatheme.com/2021/Governlia/assets/css/color-2.css]
[html.tonatheme.com/2021/Governlia/assets/images/favicon-2.png]
[html.tonatheme.com/2021/Governlia/assets/images/resource/flag.jpg]
[html.tonatheme.com/2021/Governlia/assets/images/logo-3.png]
[html.tonatheme.com/2021/Governlia/assets/images/icons/icon-bar.png]
[html.tonatheme.com/2021/Governlia/assets/images/resource/image-16.jpg]
[html.tonatheme.com/2021/Governlia/assets/images/resource/image-17.jpg]
[html.tonatheme.com/2021/Governlia/assets/images/resource/image-18.jpg]
[html.tonatheme.com/2021/Governlia/assets/images/background/bg-5.jpg]
[html.tonatheme.com/2021/Governlia/assets/images/resource/image-19.jpg]
[html.tonatheme.com/2021/Governlia/assets/images/resource/image-20.jpg]
[html.tonatheme.com/2021/Governlia/assets/images/resource/image-21.jpg]
[html.tonatheme.com/2021/Governlia/assets/images/resource/image-22.jpg]
[html.tonatheme.com/2021/Governlia/assets/images/background/bg-6.jpg]
[html.tonatheme.com/2021/Governlia/assets/images/resource/image-23.jpg]
[html.tonatheme.com/2021/Governlia/assets/images/resource/image-24.jpg]
[html.tonatheme.com/2021/Governlia/assets/images/icons/icon-4.png]
[html.tonatheme.com/2021/Governlia/assets/images/icons/icon-5.png]
[html.tonatheme.com/2021/Governlia/assets/images/resource/image-25.jpg]
[html.tonatheme.com/2021/Governlia/assets/images/resource/image-26.jpg]
[html.tonatheme.com/2021/Governlia/assets/images/background/bg-7.jpg]
[html.tonatheme.com/2021/Governlia/assets/images/icons/icon-6.png]
[html.tonatheme.com/2021/Governlia/assets/images/resource/team-1.jpg]
[html.tonatheme.com/2021/Governlia/assets/images/resource/team-2.jpg]
[html.tonatheme.com/2021/Governlia/assets/images/resource/team-3.jpg]
[html.tonatheme.com/2021/Governlia/assets/images/resource/team-4.jpg]
[html.tonatheme.com/2021/Governlia/assets/images/resource/team-5.jpg]
[html.tonatheme.com/2021/Governlia/assets/images/resource/news-5.jpg]
[html.tonatheme.com/2021/Governlia/assets/images/resource/news-6.jpg]
[html.tonatheme.com/2021/Governlia/assets/images/resource/news-7.jpg]
[html.tonatheme.com/2021/Governlia/assets/images/resource/news-8.jpg]
[html.tonatheme.com/2021/Governlia/assets/images/logo-4.png]
[html.tonatheme.com/2021/Governlia/index-2.html]
[html.tonatheme.com/2021/Governlia/assets/images/background/bg-9.jpg]
[html.tonatheme.com/2021/Governlia/assets/images/resource/image-28.jpg]
[html.tonatheme.com/2021/Governlia/assets/images/resource/image-29.jpg]
[html.tonatheme.com/2021/Governlia/assets/images/resource/image-30.jpg]
[html.tonatheme.com/2021/Governlia/assets/images/background/bg-10.jpg]
[html.tonatheme.com/2021/Governlia/about.html]
[html.tonatheme.com/2021/Governlia/departments-one.html]
[html.tonatheme.com/2021/Governlia/assets/images/resource/image-31.jpg]
[html.tonatheme.com/2021/Governlia/assets/images/resource/image-32.jpg]
[html.tonatheme.com/2021/Governlia/assets/images/resource/image-33.jpg]
[html.tonatheme.com/2021/Governlia/assets/images/resource/image-34.jpg]
[html.tonatheme.com/2021/Governlia/assets/images/resource/image-35.jpg]
[html.tonatheme.com/2021/Governlia/assets/images/resource/image-36.jpg]
[html.tonatheme.com/2021/Governlia/assets/images/resource/image-37.jpg]
[html.tonatheme.com/2021/Governlia/assets/images/resource/image-38.jpg]
[html.tonatheme.com/2021/Governlia/assets/images/resource/image-39.jpg]
[html.tonatheme.com/2021/Governlia/assets/images/resource/image-40.jpg]
[html.tonatheme.com/2021/Governlia/assets/images/resource/image-41.jpg]
[html.tonatheme.com/2021/Governlia/assets/images/resource/image-42.jpg]
[html.tonatheme.com/2021/Governlia/assets/images/resource/image-45.jpg]
[html.tonatheme.com/2021/Governlia/departments-two.html]
[html.tonatheme.com/2021/Governlia/assets/images/resource/image-52.jpg]
[html.tonatheme.com/2021/Governlia/assets/images/resource/image-53.jpg]
[html.tonatheme.com/2021/Governlia/assets/images/resource/image-51.jpg]
[html.tonatheme.com/2021/Governlia/business-taxation.html]
[html.tonatheme.com/2021/Governlia/law-justice.html]
[html.tonatheme.com/2021/Governlia/government-election.html]
[html.tonatheme.com/2021/Governlia/assets/images/resource/image-43.jpg]
[html.tonatheme.com/2021/Governlia/assets/images/resource/image-44.jpg]
[html.tonatheme.com/2021/Governlia/pets-area.html]
[html.tonatheme.com/2021/Governlia/employment-jo.html]
[html.tonatheme.com/2021/Governlia/real-estate-building.html]
[html.tonatheme.com/2021/Governlia/sideways.html]
[html.tonatheme.com/2021/Governlia/assets/images/resource/image-49.jpg]
[html.tonatheme.com/2021/Governlia/assets/images/resource/image-50.jpg]
[html.tonatheme.com/2021/Governlia/event.html]
[html.tonatheme.com/2021/Governlia/assets/images/resource/news-9.jpg]
[html.tonatheme.com/2021/Governlia/assets/images/resource/news-10.jpg]
[html.tonatheme.com/2021/Governlia/assets/images/resource/news-11.jpg]
[html.tonatheme.com/2021/Governlia/assets/images/resource/news-12.jpg]
[html.tonatheme.com/2021/Governlia/assets/images/resource/news-13.jpg]
[html.tonatheme.com/2021/Governlia/assets/images/resource/news-14.jpg]
[html.tonatheme.com/2021/Governlia/blog.html]
[html.tonatheme.com/2021/Governlia/assets/images/resource/news-15.jpg]
[html.tonatheme.com/2021/Governlia/assets/images/resource/news-16.jpg]
[html.tonatheme.com/2021/Governlia/assets/images/resource/news-17.jpg]
[html.tonatheme.com/2021/Governlia/assets/images/resource/news-18.jpg]
[html.tonatheme.com/2021/Governlia/assets/images/resource/news-19.jpg]
[html.tonatheme.com/2021/Governlia/assets/images/resource/news-20.jpg]
[html.tonatheme.com/2021/Governlia/assets/images/resource/news-21.jpg]
[html.tonatheme.com/2021/Governlia/assets/images/resource/news-22.jpg]
[html.tonatheme.com/2021/Governlia/blog-2.html]
[html.tonatheme.com/2021/Governlia/assets/images/background/bg-11.jpg]
[html.tonatheme.com/2021/Governlia/assets/images/resource/news-23.jpg]
[html.tonatheme.com/2021/Governlia/assets/images/resource/news-24.jpg]
[html.tonatheme.com/2021/Governlia/assets/images/resource/news-25.jpg]
[html.tonatheme.com/2021/Governlia/assets/images/resource/news-26.jpg]
[html.tonatheme.com/2021/Governlia/assets/images/resource/author-6.jpg]
[html.tonatheme.com/2021/Governlia/assets/images/resource/author-4.jpg]
[html.tonatheme.com/2021/Governlia/assets/images/resource/author-5.jpg]
[html.tonatheme.com/2021/Governlia/blog-details.html]
[html.tonatheme.com/2021/Governlia/assets/images/resource/image-54.jpg]
[html.tonatheme.com/2021/Governlia/contact.html]
[html.tonatheme.com/2021/Governlia/assets/fonts/fa-brands-400.eot]
[html.tonatheme.com/2021/Governlia/assets/fonts/fa-brands-400.woff2]
[html.tonatheme.com/2021/Governlia/assets/fonts/fa-brands-400d41d.eot]
[html.tonatheme.com/2021/Governlia/assets/fonts/fa-brands-400.woff]
[html.tonatheme.com/2021/Governlia/assets/fonts/fa-brands-400.ttf]
[html.tonatheme.com/2021/Governlia/assets/fonts/fa-brands-400.svg]
[html.tonatheme.com/2021/Governlia/assets/fonts/fa-light-300.woff2]
[html.tonatheme.com/2021/Governlia/assets/fonts/fa-light-300.eot]
[html.tonatheme.com/2021/Governlia/assets/fonts/fa-light-300d41d.eot]
[html.tonatheme.com/2021/Governlia/assets/fonts/fa-light-300.woff]
[html.tonatheme.com/2021/Governlia/assets/fonts/fa-light-300.ttf]
[html.tonatheme.com/2021/Governlia/assets/fonts/fa-regular-400.woff2]
[html.tonatheme.com/2021/Governlia/assets/fonts/fa-regular-400.eot]
[html.tonatheme.com/2021/Governlia/assets/fonts/fa-regular-400d41d.eot]
[html.tonatheme.com/2021/Governlia/assets/fonts/fa-regular-400.woff]
[html.tonatheme.com/2021/Governlia/assets/fonts/fa-light-300.svg]
[html.tonatheme.com/2021/Governlia/assets/fonts/fa-regular-400.ttf]
[html.tonatheme.com/2021/Governlia/assets/fonts/fa-solid-900.eot]
[html.tonatheme.com/2021/Governlia/assets/fonts/fa-solid-900.woff2]
[html.tonatheme.com/2021/Governlia/assets/fonts/fa-solid-900.woff]
[html.tonatheme.com/2021/Governlia/assets/fonts/fa-solid-900d41d.eot]
[html.tonatheme.com/2021/Governlia/assets/fonts/fa-solid-900.ttf]
[html.tonatheme.com/2021/Governlia/assets/fonts/fa-regular-400.svg]
[html.tonatheme.com/2021/Governlia/assets/css/fontawesome-all.css]
[html.tonatheme.com/2021/Governlia/assets/css/animate.css]
[html.tonatheme.com/2021/Governlia/assets/css/custom-animate.css]
[html.tonatheme.com/2021/Governlia/assets/fonts/icomoon9025.eot]
[html.tonatheme.com/2021/Governlia/assets/fonts/icomoon9025.ttf]
[html.tonatheme.com/2021/Governlia/assets/fonts/icomoon9025.woff]
[html.tonatheme.com/2021/Governlia/assets/css/icomoon.css]
[html.tonatheme.com/2021/Governlia/assets/fonts/icomoon9025.svg]
[html.tonatheme.com/2021/Governlia/assets/css/stroke-gap.css]
[html.tonatheme.com/2021/Governlia/assets/fonts/Pe-icon-7-strokebb1d.eot]
[html.tonatheme.com/2021/Governlia/assets/fonts/Pe-icon-7-strokebb1d.woff]
[html.tonatheme.com/2021/Governlia/assets/fonts/fa-solid-900.svg]
[html.tonatheme.com/2021/Governlia/assets/fonts/Pe-icon-7-strokebb1d.ttf]
[html.tonatheme.com/2021/Governlia/assets/fonts/Pe-icon-7-stroked41d.eot]
[html.tonatheme.com/2021/Governlia/assets/css/pe-icon-7-stroke.css]
[html.tonatheme.com/2021/Governlia/assets/fonts/Pe-icon-7-strokebb1d.svg]
[html.tonatheme.com/2021/Governlia/assets/css/owl.css]
[html.tonatheme.com/2021/Governlia/assets/css/images/ui-icons_444444_256x240.png]
[html.tonatheme.com/2021/Governlia/assets/css/images/ui-icons_555555_256x240.png]
[html.tonatheme.com/2021/Governlia/assets/css/jquery-ui.css]
[html.tonatheme.com/2021/Governlia/assets/css/jquery.fancybox.min.css]
[html.tonatheme.com/2021/Governlia/assets/css/scrollbar.css]
[html.tonatheme.com/2021/Governlia/assets/css/hover.css]
[html.tonatheme.com/2021/Governlia/assets/css/jquery.touchspin.css]
[html.tonatheme.com/2021/Governlia/assets/css/botstrap-select.min.css]
[html.tonatheme.com/2021/Governlia/assets/css/swiper.min.css]
[html.tonatheme.com/2021/Governlia/assets/css/rtl.css]
[html.tonatheme.com/2021/Governlia/assets/css/polyglot-language-switcher.css]
[html.tonatheme.com/2021/Governlia/assets/images/icons/preloader.svg]
[html.tonatheme.com/2021/Governlia/assets/css/color-2.css]
[html.tonatheme.com/2021/Governlia/assets/fonts/fa-brands-400.svg]
[html.tonatheme.com/2021/Governlia/assets/fonts/fa-light-300.svg]
[html.tonatheme.com/2021/Governlia/assets/fonts/fa-regular-400.svg]
[html.tonatheme.com/2021/Governlia/assets/fonts/fa-solid-900.svg]
[html.tonatheme.com/2021/Governlia/assets/fonts/icomoon9025.svg]
[html.tonatheme.com/2021/Governlia/assets/fonts/Stroke-Gap-Icons.html]
[html.tonatheme.com/2021/Governlia/assets/fonts/Pe-icon-7-strokebb1d.svg]
[html.tonatheme.com/2021/Governlia/assets/css/owl.video.play.html]
[html.tonatheme.com/2021/Governlia/assets/css/images/ui-icons_777620_256x240.html]
[html.tonatheme.com/2021/Governlia/assets/css/images/ui-icons_cc0000_256x240.html]
[html.tonatheme.com/2021/Governlia/assets/css/mCSB_buttons.html]
[html.tonatheme.com/2021/Governlia/assets/images/resource/flags/gb.html]
[html.tonatheme.com/2021/Governlia/assets/images/resource/flags/fr.html]
[html.tonatheme.com/2021/Governlia/assets/images/resource/flags/de.html]
[html.tonatheme.com/2021/Governlia/assets/images/resource/flags/it.html]
[html.tonatheme.com/2021/Governlia/assets/images/resource/flags/es.html]
